Flutter crash report.
Please report a bug at https://github.com/flutter/flutter/issues.

## command

flutter attach -d e68890180406

## exception

StateError: Bad state: Stream has already been listened to.

```
#0      _StreamController._subscribe (dart:async/stream_controller.dart:686:7)
#1      _ControllerStream._createSubscription (dart:async/stream_controller.dart:837:19)
#2      _StreamImpl.listen (dart:async/stream_impl.dart:497:9)
#3      new _ForwardingStreamSubscription (dart:async/stream_pipe.dart:114:10)
#4      _ForwardingStream._createSubscription (dart:async/stream_pipe.dart:86:16)
#5      _ForwardingStream.listen (dart:async/stream_pipe.dart:81:12)
#6      FlutterDevice.connect (package:flutter_tools/src/resident_runner.dart:267:35)
#7      ResidentRunner.connectToServiceProtocol (package:flutter_tools/src/resident_runner.dart:1404:21)
#8      HotRunner.attach (package:flutter_tools/src/run_hot.dart:236:13)
#9      AttachCommand._attachToDevice (package:flutter_tools/src/commands/attach.dart:403:31)
<asynchronous suspension>
#10     AttachCommand.runCommand (package:flutter_tools/src/commands/attach.dart:265:5)
<asynchronous suspension>
#11     FlutterCommand.run.<anonymous closure> (package:flutter_tools/src/runner/flutter_command.dart:1408:27)
<asynchronous suspension>
#12     AppContext.run.<anonymous closure> (package:flutter_tools/src/base/context.dart:153:19)
<asynchronous suspension>
#13     CommandRunner.runCommand (package:args/command_runner.dart:212:13)
<asynchronous suspension>
#14     FlutterCommandRunner.runCommand.<anonymous closure> (package:flutter_tools/src/runner/flutter_command_runner.dart:420:9)
<asynchronous suspension>
#15     AppContext.run.<anonymous closure> (package:flutter_tools/src/base/context.dart:153:19)
<asynchronous suspension>
#16     FlutterCommandRunner.runCommand (package:flutter_tools/src/runner/flutter_command_runner.dart:364:5)
<asynchronous suspension>
#17     run.<anonymous closure>.<anonymous closure> (package:flutter_tools/runner.dart:130:9)
<asynchronous suspension>
#18     AppContext.run.<anonymous closure> (package:flutter_tools/src/base/context.dart:153:19)
<asynchronous suspension>
#19     main (package:flutter_tools/executable.dart:93:3)
<asynchronous suspension>
```

## flutter doctor

```
[32m[✓][39m Flutter (Channel stable, 3.24.5, on macOS 12.7.5 21H1222 darwin-x64, locale en-ID)
    [32m•[39m Flutter version 3.24.5 on channel stable at /Users/mac/development/flutter
    [32m•[39m Upstream repository https://github.com/flutter/flutter.git
    [32m•[39m Framework revision dec2ee5c1f (1 year, 9 months ago), 2024-11-13 11:13:06 -0800
    [32m•[39m Engine revision a18df97ca5
    [32m•[39m Dart version 3.5.4
    [32m•[39m DevTools version 2.37.3

[33m[!][39m Android toolchain - develop for Android devices (Android SDK version 36.0.0)
    [32m•[39m Android SDK at /Users/mac/Library/Android/sdk
    [32m•[39m Platform android-36.1, build-tools 36.0.0
    [32m•[39m ANDROID_HOME = /Users/mac/Library/Android/sdk
    [32m•[39m Java binary at: /Users/mac/development/jdk-17.0.13+11/Contents/Home/bin/java
    [32m•[39m Java version OpenJDK Runtime Environment Temurin-17.0.13+11 (build 17.0.13+11)
    [33m![39m Some Android licenses not accepted. To resolve this, run: flutter doctor --android-licenses

[31m[✗][39m Xcode - develop for iOS and macOS
    [31m✗[39m Xcode installation is incomplete; a full installation is necessary for iOS and macOS development.
      Download at: https://developer.apple.com/xcode/
      Or install Xcode via the App Store.
      Once installed, run:
        sudo xcode-select --switch /Applications/Xcode.app/Contents/Developer
        sudo xcodebuild -runFirstLaunch
    [31m✗[39m CocoaPods not installed.
        CocoaPods is a package manager for iOS or macOS platform code.
        Without CocoaPods, plugins will not work on iOS or macOS.
        For more info, see https://flutter.dev/to/platform-plugins
      For installation instructions, see https://guides.cocoapods.org/using/getting-started.html#installation

[32m[✓][39m Chrome - develop for the web
    [32m•[39m Chrome at /Applications/Google Chrome.app/Contents/MacOS/Google Chrome

[33m[!][39m Android Studio (not installed)
    [32m•[39m Android Studio not found; download from https://developer.android.com/studio/index.html
      (or visit https://flutter.dev/to/macos-android-setup for detailed instructions).

[32m[✓][39m VS Code (version 1.128.0)
    [32m•[39m VS Code at /Applications/Visual Studio Code.app/Contents
    [32m•[39m Flutter extension can be installed from:
      🔨 https://marketplace.visualstudio.com/items?itemName=Dart-Code.flutter

[32m[✓][39m Connected device (3 available)
    [32m•[39m M2003J15SC (mobile) • e68890180406 • android-arm64  • Android 12 (API 31)
    [32m•[39m macOS (desktop)     • macos        • darwin-x64     • macOS 12.7.5 21H1222 darwin-x64
    [32m•[39m Chrome (web)        • chrome       • web-javascript • Google Chrome 150.0.7871.125

[32m[✓][39m Network resources
    [32m•[39m All expected network resources are available.

[33m![39m Doctor found issues in 3 categories.
```
